// Jest Snapshot v1, https://goo.gl/fbAQLP

exports[`Given a create page component When invoked Then it should match the snapshot 1`] = `
<form
  className="sc-gsnTZi sc-dkzDqf ehTXBa jbBMgv form"
  onSubmit={[Function]}
>
  <h2
    className="form__title"
  >
    Game info
  </h2>
  <section
    className="form__section"
  >
    <div
      className="form__players-container"
    >
      <div
        className="form__player-container"
      >
        <h3
          className="form__group-heading"
        >
          Hero
        </h3>
        <div
          className="form__group"
        >
          <label
            className="form__label"
            htmlFor="heroPosition"
          >
            * Position
          </label>
          <select
            autoComplete="off"
            className="form__input form__input--selector"
            id="heroPosition"
            onChange={[Function]}
            required={true}
            value={0}
          >
            <option
              className="form__list-option"
              value={0}
            >
              ---
            </option>
            <option
              className="form__list-option"
              value={1}
            >
              SB
            </option>
            <option
              className="form__list-option"
              value={2}
            >
              BB
            </option>
            <option
              className="form__list-option"
              value={3}
            >
              UTG
            </option>
            <option
              className="form__list-option"
              value={4}
            >
              MP
            </option>
            <option
              className="form__list-option"
              value={5}
            >
              CO
            </option>
            <option
              className="form__list-option"
              value={6}
            >
              BTN
            </option>
          </select>
        </div>
        <div
          className="form__group"
        >
          <label
            className="form__label"
            htmlFor="heroStack"
          >
            * Stack
          </label>
          <input
            autoComplete="off"
            className="form__input form__input--number"
            id="heroStack"
            max={999}
            onChange={[Function]}
            required={true}
            type="number"
            value=""
          />
        </div>
        <div
          className="form__group"
        >
          <label
            className="form__label"
            htmlFor="heroCard1"
          >
            * Hand
          </label>
          <div
            className="form__hand-container"
          >
            <input
              autoComplete="off"
              className="form__input form__input--hand"
              id="heroCard1"
              maxLength={2}
              onChange={[Function]}
              required={true}
              type="text"
              value=""
            />
            <input
              autoComplete="off"
              className="form__input form__input--hand"
              data-testid="hero-hand-2"
              id="heroCard2"
              maxLength={2}
              onChange={[Function]}
              required={true}
              type="text"
              value=""
            />
          </div>
        </div>
      </div>
      <div
        className="form__player-container"
      >
        <h3
          className="form__group-heading"
        >
          Villain
        </h3>
        <div
          className="form__group"
        >
          <label
            className="form__label"
            htmlFor="villainPosition"
          >
            * Position
          </label>
          <select
            autoComplete="off"
            className="form__input form__input--selector"
            id="villainPosition"
            onChange={[Function]}
            required={true}
            value={0}
          >
            <option
              className="form__list-option"
              value={0}
            >
              ---
            </option>
            <option
              className="form__list-option"
              value={1}
            >
              SB
            </option>
            <option
              className="form__list-option"
              value={2}
            >
              BB
            </option>
            <option
              className="form__list-option"
              value={3}
            >
              UTG
            </option>
            <option
              className="form__list-option"
              value={4}
            >
              MP
            </option>
            <option
              className="form__list-option"
              value={5}
            >
              CO
            </option>
            <option
              className="form__list-option"
              value={6}
            >
              BTN
            </option>
          </select>
        </div>
        <div
          className="form__group"
        >
          <label
            className="form__label"
            htmlFor="villainStack"
          >
            * Stack
          </label>
          <input
            autoComplete="off"
            className="form__input form__input--number"
            id="villainStack"
            max={999}
            onChange={[Function]}
            required={true}
            type="number"
            value=""
          />
        </div>
        <div
          className="form__group"
        >
          <label
            className="form__label"
            htmlFor="villainCard1"
          >
            * Hand
          </label>
          <div
            className="form__hand-container"
          >
            <input
              autoComplete="off"
              className="form__input form__input--hand"
              id="villainCard1"
              maxLength={2}
              onChange={[Function]}
              required={true}
              type="text"
              value=""
            />
            <input
              autoComplete="off"
              className="form__input form__input--hand"
              data-testid="villain-hand-2"
              id="villainCard2"
              maxLength={2}
              onChange={[Function]}
              required={true}
              type="text"
              value=""
            />
          </div>
        </div>
      </div>
    </div>
    <div
      className="form__group"
    >
      <label
        className="form__label"
        htmlFor="handName"
      >
        * Hand name
      </label>
      <input
        autoComplete="off"
        className="form__input form__input--text"
        id="handName"
        maxLength={40}
        onChange={[Function]}
        required={true}
        type="text"
        value=""
      />
    </div>
    <svg
      aria-hidden={true}
      className="MuiSvgIcon-root MuiSvgIcon-fontSizeMedium form__icon css-i4bv87-MuiSvgIcon-root"
      data-testid="next-first-page"
      focusable="false"
      onClick={[Function]}
      viewBox="0 0 24 24"
    >
      <path
        d="m12 4-1.41 1.41L16.17 11H4v2h12.17l-5.58 5.59L12 20l8-8z"
      />
    </svg>
  </section>
</form>
`;
